// Jest Snapshot v1, https://goo.gl/fbAQLP

exports[`snapshot tests HomeView 1`] = `
<View
  style={
    Object {
      "alignItems": "center",
      "flex": 1,
      "flexDirection": "column",
      "justifyContent": "center",
      "marginTop": 20,
    }
  }
>
  <View
    style={
      Object {
        "alignItems": "center",
        "height": 300,
        "justifyContent": "center",
        "width": 300,
      }
    }
  >
    <Text
      accessible={true}
      allowFontScaling={true}
      ellipsizeMode="tail"
      style={
        Object {
          "fontSize": 18,
        }
      }
    >
      Network request...
    </Text>
  </View>
  <View
    accessible={true}
    isTVSelectable={true}
    onResponderGrant={[Function]}
    onResponderMove={[Function]}
    onResponderRelease={[Function]}
    onResponderTerminate={[Function]}
    onResponderTerminationRequest={[Function]}
    onStartShouldSetResponder={[Function]}
    style={
      Object {
        "opacity": 1,
      }
    }
  >
    <Text
      accessible={true}
      allowFontScaling={true}
      ellipsizeMode="tail"
      style={
        Object {
          "fontSize": 16,
          "padding": 10,
          "textAlign": "center",
        }
      }
    >
      Button
    </Text>
  </View>
</View>
`;
